event=1 keyDown=false vk=13 ch=13 ctrl=32 rec=01 00 df 3f 00 00 00 00 01 00 0d 00 1c 00 0d 00 20 00 00 00 
event=1 keyDown=true vk=72 ch=104 ctrl=32 rec=01 00 df 3f 01 00 00 00 01 00 48 00 23 00 68 00 20 00 00 00 
event=1 keyDown=false vk=72 ch=104 ctrl=32 rec=01 00 df 3f 00 00 00 00 01 00 48 00 23 00 68 00 20 00 00 00 
event=1 keyDown=true vk=69 ch=101 ctrl=32 rec=01 00 df 3f 01 00 00 00 01 00 45 00 12 00 65 00 20 00 00 00 
event=1 keyDown=false vk=69 ch=101 ctrl=32 rec=01 00 df 3f 00 00 00 00 01 00 45 00 12 00 65 00 20 00 00 00 
event=1 keyDown=true vk=76 ch=108 ctrl=32 rec=01 00 df 3f 01 00 00 00 01 00 4c 00 26 00 6c 00 20 00 00 00 
event=1 keyDown=false vk=76 ch=108 ctrl=32 rec=01 00 df 3f 00 00 00 00 01 00 4c 00 26 00 6c 00 20 00 00 00 
event=1 keyDown=true vk=76 ch=108 ctrl=32 rec=01 00 df 3f 01 00 00 00 01 00 4c 00 26 00 6c 00 20 00 00 00 
event=1 keyDown=false vk=76 ch=108 ctrl=32 rec=01 00 df 3f 00 00 00 00 01 00 4c 00 26 00 6c 00 20 00 00 00 
event=1 keyDown=true vk=79 ch=111 ctrl=32 rec=01 00 df 3f 01 00 00 00 01 00 4f 00 18 00 6f 00 20 00 00 00 
event=1 keyDown=false vk=79 ch=111 ctrl=32 rec=01 00 df 3f 00 00 00 00 01 00 4f 00 18 00 6f 00 20 00 00 00 
event=1 keyDown=true vk=13 ch=13 ctrl=32 rec=01 00 df 3f 01 00 00 00 01 00 0d 00 1c 00 0d 00 20 00 00 00 
event=1 keyDown=false vk=13 ch=13 ctrl=32 rec=01 00 df 3f 00 00 00 00 01 00 0d 00 1c 00 0d 00 20 00 00 00 
event=1 keyDown=true vk=191 ch=47 ctrl=32 rec=01 00 df 3f 01 00 00 00 01 00 bf 00 35 00 2f 00 20 00 00 00 
event=1 keyDown=false vk=191 ch=47 ctrl=32 rec=01 00 df 3f 00 00 00 00 01 00 bf 00 35 00 2f 00 20 00 00 00 
event=1 keyDown=true vk=13 ch=13 ctrl=32 rec=01 00 df 3f 01 00 00 00 01 00 0d 00 1c 00 0d 00 20 00 00 00 
event=1 keyDown=false vk=13 ch=13 ctrl=32 rec=01 00 df 3f 00 00 00 00 01 00 0d 00 1c 00 0d 00 20 00 00 00 
event=1 keyDown=true vk=191 ch=47 ctrl=32 rec=01 00 df 3f 01 00 00 00 01 00 bf 00 35 00 2f 00 20 00 00 00 
event=1 keyDown=false vk=191 ch=47 ctrl=32 rec=01 00 df 3f 00 00 00 00 01 00 bf 00 35 00 2f 00 20 00 00 00 
event=1 keyDown=true vk=40 ch=0 ctrl=288 rec=01 00 df 3f 01 00 00 00 01 00 28 00 50 00 00 00 20 01 00 00 
event=1 keyDown=false vk=40 ch=0 ctrl=288 rec=01 00 df 3f 00 00 00 00 01 00 28 00 50 00 00 00 20 01 00 00 
event=1 keyDown=true vk=40 ch=0 ctrl=288 rec=01 00 df 3f 01 00 00 00 01 00 28 00 50 00 00 00 20 01 00 00 
event=1 keyDown=false vk=40 ch=0 ctrl=288 rec=01 00 df 3f 00 00 00 00 01 00 28 00 50 00 00 00 20 01 00 00 
event=1 keyDown=true vk=40 ch=0 ctrl=288 rec=01 00 df 3f 01 00 00 00 01 00 28 00 50 00 00 00 20 01 00 00 
event=1 keyDown=false vk=40 ch=0 ctrl=288 rec=01 00 df 3f 00 00 00 00 01 00 28 00 50 00 00 00 20 01 00 00 
event=1 keyDown=true vk=40 ch=0 ctrl=288 rec=01 00 df 3f 01 00 00 00 01 00 28 00 50 00 00 00 20 01 00 00 
event=1 keyDown=false vk=40 ch=0 ctrl=288 rec=01 00 df 3f 00 00 00 00 01 00 28 00 50 00 00 00 20 01 00 00 
event=1 keyDown=true vk=40 ch=0 ctrl=288 rec=01 00 df 3f 01 00 00 00 01 00 28 00 50 00 00 00 20 01 00 00 
event=1 keyDown=false vk=40 ch=0 ctrl=288 rec=01 00 df 3f 00 00 00 00 01 00 28 00 50 00 00 00 20 01 00 00 
event=1 keyDown=true vk=40 ch=0 ctrl=288 rec=01 00 df 3f 01 00 00 00 01 00 28 00 50 00 00 00 20 01 00 00 
event=1 keyDown=false vk=40 ch=0 ctrl=288 rec=01 00 df 3f 00 00 00 00 01 00 28 00 50 00 00 00 20 01 00 00 
event=1 keyDown=true vk=38 ch=0 ctrl=288 rec=01 00 df 3f 01 00 00 00 01 00 26 00 48 00 00 00 20 01 00 00 
event=1 keyDown=false vk=38 ch=0 ctrl=288 rec=01 00 df 3f 00 00 00 00 01 00 26 00 48 00 00 00 20 01 00 00 
event=1 keyDown=true vk=38 ch=0 ctrl=288 rec=01 00 df 3f 01 00 00 00 01 00 26 00 48 00 00 00 20 01 00 00 
event=1 keyDown=false vk=38 ch=0 ctrl=288 rec=01 00 df 3f 00 00 00 00 01 00 26 00 48 00 00 00 20 01 00 00 
event=1 keyDown=true vk=38 ch=0 ctrl=288 rec=01 00 df 3f 01 00 00 00 01 00 26 00 48 00 00 00 20 01 00 00 
event=1 keyDown=false vk=38 ch=0 ctrl=288 rec=01 00 df 3f 00 00 00 00 01 00 26 00 48 00 00 00 20 01 00 00 
event=1 keyDown=true vk=39 ch=0 ctrl=288 rec=01 00 df 3f 01 00 00 00 01 00 27 00 4d 00 00 00 20 01 00 00 
event=1 keyDown=false vk=39 ch=0 ctrl=288 rec=01 00 df 3f 00 00 00 00 01 00 27 00 4d 00 00 00 20 01 00 00 
event=1 keyDown=true vk=39 ch=0 ctrl=288 rec=01 00 df 3f 01 00 00 00 01 00 27 00 4d 00 00 00 20 01 00 00 
event=1 keyDown=false vk=39 ch=0 ctrl=288 rec=01 00 df 3f 00 00 00 00 01 00 27 00 4d 00 00 00 20 01 00 00 
event=1 keyDown=true vk=39 ch=0 ctrl=288 rec=01 00 df 3f 01 00 00 00 01 00 27 00 4d 00 00 00 20 01 00 00 
event=1 keyDown=false vk=39 ch=0 ctrl=288 rec=01 00 df 3f 00 00 00 00 01 00 27 00 4d 00 00 00 20 01 00 00 
event=1 keyDown=true vk=37 ch=0 ctrl=288 rec=01 00 df 3f 01 00 00 00 01 00 25 00 4b 00 00 00 20 01 00 00 
event=1 keyDown=false vk=37 ch=0 ctrl=288 rec=01 00 df 3f 00 00 00 00 01 00 25 00 4b 00 00 00 20 01 00 00 
event=1 keyDown=true vk=37 ch=0 ctrl=288 rec=01 00 df 3f 01 00 00 00 01 00 25 00 4b 00 00 00 20 01 00 00 
event=1 keyDown=false vk=37 ch=0 ctrl=288 rec=01 00 df 3f 00 00 00 00 01 00 25 00 4b 00 00 00 20 01 00 00 
event=1 keyDown=true vk=37 ch=0 ctrl=288 rec=01 00 df 3f 01 00 00 00 01 00 25 00 4b 00 00 00 20 01 00 00 
event=1 keyDown=false vk=37 ch=0 ctrl=288 rec=01 00 df 3f 00 00 00 00 01 00 25 00 4b 00 00 00 20 01 00 00 
event=1 keyDown=true vk=39 ch=0 ctrl=288 rec=01 00 df 3f 01 00 00 00 01 00 27 00 4d 00 00 00 20 01 00 00 
event=1 keyDown=false vk=39 ch=0 ctrl=288 rec=01 00 df 3f 00 00 00 00 01 00 27 00 4d 00 00 00 20 01 00 00 
event=1 keyDown=true vk=39 ch=0 ctrl=288 rec=01 00 df 3f 01 00 00 00 01 00 27 00 4d 00 00 00 20 01 00 00 
event=1 keyDown=false vk=39 ch=0 ctrl=288 rec=01 00 df 3f 00 00 00 00 01 00 27 00 4d 00 00 00 20 01 00 00 
event=1 keyDown=true vk=39 ch=0 ctrl=288 rec=01 00 df 3f 01 00 00 00 01 00 27 00 4d 00 00 00 20 01 00 00 
event=1 keyDown=false vk=39 ch=0 ctrl=288 rec=01 00 df 3f 00 00 00 00 01 00 27 00 4d 00 00 00 20 01 00 00 
event=1 keyDown=true vk=38 ch=0 ctrl=288 rec=01 00 df 3f 01 00 00 00 01 00 26 00 48 00 00 00 20 01 00 00 
event=1 keyDown=false vk=38 ch=0 ctrl=288 rec=01 00 df 3f 00 00 00 00 01 00 26 00 48 00 00 00 20 01 00 00 
event=1 keyDown=true vk=38 ch=0 ctrl=288 rec=01 00 df 3f 01 00 00 00 01 00 26 00 48 00 00 00 20 01 00 00 
event=1 keyDown=false vk=38 ch=0 ctrl=288 rec=01 00 df 3f 00 00 00 00 01 00 26 00 48 00 00 00 20 01 00 00 
event=1 keyDown=true vk=38 ch=0 ctrl=288 rec=01 00 df 3f 01 00 00 00 01 00 26 00 48 00 00 00 20 01 00 00 
event=1 keyDown=false vk=38 ch=0 ctrl=288 rec=01 00 df 3f 00 00 00 00 01 00 26 00 48 00 00 00 20 01 00 00 
event=1 keyDown=true vk=40 ch=0 ctrl=288 rec=01 00 df 3f 01 00 00 00 01 00 28 00 50 00 00 00 20 01 00 00 
event=1 keyDown=false vk=40 ch=0 ctrl=288 rec=01 00 df 3f 00 00 00 00 01 00 28 00 50 00 00 00 20 01 00 00 
event=1 keyDown=true vk=40 ch=0 ctrl=288 rec=01 00 df 3f 01 00 00 00 01 00 28 00 50 00 00 00 20 01 00 00 
event=1 keyDown=false vk=40 ch=0 ctrl=288 rec=01 00 df 3f 00 00 00 00 01 00 28 00 50 00 00 00 20 01 00 00 
event=1 keyDown=true vk=40 ch=0 ctrl=288 rec=01 00 df 3f 01 00 00 00 01 00 28 00 50 00 00 00 20 01 00 00 
event=1 keyDown=false vk=40 ch=0 ctrl=288 rec=01 00 df 3f 00 00 00 00 01 00 28 00 50 00 00 00 20 01 00 00 
event=1 keyDown=true vk=40 ch=0 ctrl=288 rec=01 00 df 3f 01 00 00 00 01 00 28 00 50 00 00 00 20 01 00 00 
event=1 keyDown=false vk=40 ch=0 ctrl=288 rec=01 00 df 3f 00 00 00 00 01 00 28 00 50 00 00 00 20 01 00 00 
event=1 keyDown=true vk=37 ch=0 ctrl=288 rec=01 00 df 3f 01 00 00 00 01 00 25 00 4b 00 00 00 20 01 00 00 
event=1 keyDown=false vk=37 ch=0 ctrl=288 rec=01 00 df 3f 00 00 00 00 01 00 25 00 4b 00 00 00 20 01 00 00 
event=1 keyDown=true vk=37 ch=0 ctrl=288 rec=01 00 df 3f 01 00 00 00 01 00 25 00 4b 00 00 00 20 01 00 00 
event=1 keyDown=false vk=37 ch=0 ctrl=288 rec=01 00 df 3f 00 00 00 00 01 00 25 00 4b 00 00 00 20 01 00 00 
event=1 keyDown=true vk=37 ch=0 ctrl=288 rec=01 00 df 3f 01 00 00 00 01 00 25 00 4b 00 00 00 20 01 00 00 
event=1 keyDown=false vk=37 ch=0 ctrl=288 rec=01 00 df 3f 00 00 00 00 01 00 25 00 4b 00 00 00 20 01 00 00 
event=1 keyDown=true vk=39 ch=0 ctrl=288 rec=01 00 df 3f 01 00 00 00 01 00 27 00 4d 00 00 00 20 01 00 00 
event=1 keyDown=false vk=39 ch=0 ctrl=288 rec=01 00 df 3f 00 00 00 00 01 00 27 00 4d 00 00 00 20 01 00 00 
event=1 keyDown=true vk=39 ch=0 ctrl=288 rec=01 00 df 3f 01 00 00 00 01 00 27 00 4d 00 00 00 20 01 00 00 
event=1 keyDown=false vk=39 ch=0 ctrl=288 rec=01 00 df 3f 00 00 00 00 01 00 27 00 4d 00 00 00 20 01 00 00 
event=1 keyDown=true vk=39 ch=0 ctrl=288 rec=01 00 df 3f 01 00 00 00 01 00 27 00 4d 00 00 00 20 01 00 00 
event=1 keyDown=false vk=39 ch=0 ctrl=288 rec=01 00 df 3f 00 00 00 00 01 00 27 00 4d 00 00 00 20 01 00 00 
event=1 keyDown=true vk=39 ch=0 ctrl=288 rec=01 00 df 3f 01 00 00 00 01 00 27 00 4d 00 00 00 20 01 00 00 
event=1 keyDown=false vk=39 ch=0 ctrl=288 rec=01 00 df 3f 00 00 00 00 01 00 27 00 4d 00 00 00 20 01 00 00 
event=1 keyDown=true vk=39 ch=0 ctrl=288 rec=01 00 df 3f 01 00 00 00 01 00 27 00 4d 00 00 00 20 01 00 00 
event=1 keyDown=false vk=39 ch=0 ctrl=288 rec=01 00 df 3f 00 00 00 00 01 00 27 00 4d 00 00 00 20 01 00 00 
event=1 keyDown=true vk=38 ch=0 ctrl=288 rec=01 00 df 3f 01 00 00 00 01 00 26 00 48 00 00 00 20 01 00 00 
event=1 keyDown=false vk=38 ch=0 ctrl=288 rec=01 00 df 3f 00 00 00 00 01 00 26 00 48 00 00 00 20 01 00 00 
event=1 keyDown=true vk=40 ch=0 ctrl=288 rec=01 00 df 3f 01 00 00 00 01 00 28 00 50 00 00 00 20 01 00 00 
event=1 keyDown=false vk=40 ch=0 ctrl=288 rec=01 00 df 3f 00 00 00 00 01 00 28 00 50 00 00 00 20 01 00 00 
event=1 keyDown=true vk=37 ch=0 ctrl=288 rec=01 00 df 3f 01 00 00 00 01 00 25 00 4b 00 00 00 20 01 00 00 
event=1 keyDown=false vk=37 ch=0 ctrl=288 rec=01 00 df 3f 00 00 00 00 01 00 25 00 4b 00 00 00 20 01 00 00 
event=1 keyDown=true vk=38 ch=0 ctrl=288 rec=01 00 df 3f 01 00 00 00 01 00 26 00 48 00 00 00 20 01 00 00 
event=1 keyDown=false vk=38 ch=0 ctrl=288 rec=01 00 df 3f 00 00 00 00 01 00 26 00 48 00 00 00 20 01 00 00 
event=1 keyDown=true vk=40 ch=0 ctrl=288 rec=01 00 df 3f 01 00 00 00 01 00 28 00 50 00 00 00 20 01 00 00 
event=1 keyDown=false vk=40 ch=0 ctrl=288 rec=01 00 df 3f 00 00 00 00 01 00 28 00 50 00 00 00 20 01 00 00 
event=1 keyDown=true vk=27 ch=27 ctrl=32 rec=01 00 df 3f 01 00 00 00 01 00 1b 00 01 00 1b 00 20 00 00 00 
event=1 keyDown=false vk=27 ch=27 ctrl=32 rec=01 00 df 3f 00 00 00 00 01 00 1b 00 01 00 1b 00 20 00 00 00 
event=1 keyDown=true vk=8 ch=8 ctrl=32 rec=01 00 df 3f 01 00 00 00 01 00 08 00 0e 00 08 00 20 00 00 00 
event=1 keyDown=false vk=8 ch=8 ctrl=32 rec=01 00 df 3f 00 00 00 00 01 00 08 00 0e 00 08 00 20 00 00 00 
event=1 keyDown=true vk=8 ch=8 ctrl=32 rec=01 00 df 3f 01 00 00 00 01 00 08 00 0e 00 08 00 20 00 00 00 
event=1 keyDown=false vk=8 ch=8 ctrl=32 rec=01 00 df 3f 00 00 00 00 01 00 08 00 0e 00 08 00 20 00 00 00 
event=1 keyDown=true vk=8 ch=8 ctrl=32 rec=01 00 df 3f 01 00 00 00 01 00 08 00 0e 00 08 00 20 00 00 00 
event=1 keyDown=false vk=8 ch=8 ctrl=32 rec=01 00 df 3f 00 00 00 00 01 00 08 00 0e 00 08 00 20 00 00 00 
event=1 keyDown=true vk=17 ch=0 ctrl=40 rec=01 00 df 3f 01 00 00 00 01 00 11 00 1d 00 00 00 28 00 00 00 
event=1 keyDown=true vk=67 ch=3 ctrl=40 rec=01 00 df 3f 01 00 00 00 01 00 43 00 2e 00 03 00 28 00 00 00 
event=1 keyDown=false vk=67 ch=3 ctrl=40 rec=01 00 df 3f 00 00 00 00 01 00 43 00 2e 00 03 00 28 00 00 00 
event=1 keyDown=true vk=67 ch=3 ctrl=40 rec=01 00 df 3f 01 00 00 00 01 00 43 00 2e 00 03 00 28 00 00 00 
